[stolicarp.pl/index.html]
[backblue.gif]
[fade.gif]
[index.html]
[stolicarp.pl/cdn-cgi/apps/head/38ZCbhUAQPN2gMtuIp-PkuUFcao.js]
[stolicarp.pl/assets/img/favicon.ico]
[use.fontawesome.com/releases/v5.10.2/css/all.css]
[stolicarp.pl/assets/css/nucleo-icons.css]
[stolicarp.pl/assets/css/nucleo-svg.css]
[kit.fontawesome.com/42d5adcbca.js]
[stolicarp.pl/assets/css/soft-design-systemf2ad.css]
[stolicarp.pl/assets/img/logoP.png]
[stolicarp.pl/devlog.html]
[stolicarp.pl/application.html]
[stolicarp.pl/team.html]
[stolicarp.pl/rules.html]
[mir-s3-cdn-cf.behance.net/project_modules/fs/1114e213546737.5627516801a6d.jpg]
[cdn.discordapp.com/attachments/923573616866656308/971488054898475098/Polish_20220504_210721456.png]
[stolicarp.pl/devlog/45.html]
[stolicarp.pl/devlog/44.html]
[stolicarp.pl/devlog/43.html]
[cdn.discordapp.com/attachments/426401111830822912/965771903065264209/Bez_nazwy-1.png]
[stolicarp.pl/assets/img/cybervio.svg]
[stolicarp.pl/assets/img/pev2.png]
[stolicarp.pl/assets/img/LOGOTYP.png]
[stolicarp.pl/assets/js/core/popper.min.js]
[stolicarp.pl/assets/js/core/bootstrap.min.js]
[stolicarp.pl/assets/js/plugins/perfect-scrollbar.min.js]
[stolicarp.pl/assets/js/plugins/countup.min.js]
[stolicarp.pl/assets/js/plugins/parallax.min.js]
[stolicarp.pl/assets/js/soft-design-system.minf2ad.js]
[stolicarp.pl/index.html]
[use.fontawesome.com/releases/v5.10.2/css/all.css]
[stolicarp.pl/assets/fonts/nucleo-icons.eot]
[stolicarp.pl/assets/fonts/nucleo-icons.woff2]
[stolicarp.pl/assets/fonts/nucleo-icons.woff]
[stolicarp.pl/assets/fonts/nucleo-icons.ttf]
[stolicarp.pl/assets/css/nucleo-icons.css]
[stolicarp.pl/assets/css/nucleo-svg.css]
[stolicarp.pl/assets/css/soft-design-systemf2ad.css]
[stolicarp.pl/assets/fonts/nucleo-icons.svg]
[stolicarp.pl/devlog/42.html]
[stolicarp.pl/devlog/41.html]
[stolicarp.pl/devlog/40.html]
[stolicarp.pl/devlog/39.html]
[stolicarp.pl/devlog/38.html]
[stolicarp.pl/devlog/37.html]
[stolicarp.pl/devlog/36.html]
[stolicarp.pl/devlog/35.html]
[stolicarp.pl/devlog.html]
[stolicarp.pl/devlog/34.html]
[stolicarp.pl/application.html]
[cdn.discordapp.com/avatars/887402551761313812/723e9654346284abfe20e72bd441f6535168.png]
[stolicarp.pl/assets/img/avatars/xdominik.png]
[cdn.discordapp.com/avatars/512303916692537354/37c16e02f434c5eb86289a60da5a79d55168.png]
[cdn.discordapp.com/avatars/359722330643234817/0bdf70913f7d3a0ba0ad55e49dd619825168.png]
[cdn.discordapp.com/avatars/883684679838994454/70d4e5e13757f92e47d74dfb037f07db5168.png]
[stolicarp.pl/assets/img/avatars/ciapata.png]
[stolicarp.pl/assets/img/avatars/piotrus.png]
[stolicarp.pl/assets/img/avatars/axianka.png]
[stolicarp.pl/assets/img/avatars/neuro.png]
[stolicarp.pl/assets/img/avatars/chojny.png]
[stolicarp.pl/assets/img/avatars/cosnek.png]
[stolicarp.pl/assets/img/avatars/sergiuszek.png]
[stolicarp.pl/team.html]
[stolicarp.pl/rules.html]
[stolicarp.pl/assets/img/curved-images/curved5.jpg]
[stolicarp.pl/devlog/45.html]
[cdn.discordapp.com/avatars/310870415918628865/a_95400c540bcd87b54379316e53c393895168.html]
[stolicarp.pl/assets/img/wave-1.svg]
[stolicarp.pl/devlog/44.html]
[stolicarp.pl/devlog/43.html]
[stolicarp.pl/assets/img/cybervio.svg]
[stolicarp.pl/assets/fonts/nucleo-icons.svg]
[stolicarp.pl/devlog/42.html]
[stolicarp.pl/devlog/41.html]
[stolicarp.pl/devlog/40.html]
[stolicarp.pl/devlog/39.html]
[stolicarp.pl/devlog/38.html]
[stolicarp.pl/devlog/37.html]
[stolicarp.pl/devlog/36.html]
[stolicarp.pl/devlog/35.html]
[stolicarp.pl/devlog/34.html]
[cdn.discordapp.com/avatars/434006031098707978/a_b2d0de3d4507a86612c99f92928292ef5168.html]
[cdn.discordapp.com/avatars/187513859693608961/85806481d588d660c33c08f3577c4c8d5168.html]
[cdn.discordapp.com/avatars/418842137573064724/3244d9c884e958ad4e8dce758bddb0c45168.html]
[cdn.discordapp.com/avatars/946515592679161856/a_fb279177b371535deb6df743fb2828f65168.html]
[stolicarp.pl/assets/img/wave-1.svg]
